Monitor de sincronização iniciado (Cloud -> GitHub)...
05:44:36 - Alterações detectadas! Sincronizando...
[main 924791c] Auto-sync: 2026-08-28 05:44:36
 15 files changed, 115 insertions(+), 73 deletions(-)
 delete mode 100644 .npm/_logs/2026-08-27T23_44_52_256Z-debug-0.log
 delete mode 100644 .npm/_logs/2026-08-27T23_45_25_810Z-debug-0.log
 delete mode 100644 .npm/_logs/2026-08-27T23_45_49_950Z-debug-0.log
 create mode 100644 alphaz_v10_update.tar.gz
 create mode 100644 motor_web_v10.py
 create mode 100644 nohup.out
 create mode 100755 scripts/auto_sync.sh
To github.com:operadorppi/AlphaZ.git
   4c43dd5..924791c  main -> main
05:45:08 - Alterações detectadas! Sincronizando...
[main a17cb3c] Auto-sync: 2026-08-28 05:45:08
 1 file changed, 12 insertions(+)
To github.com:operadorppi/AlphaZ.git
   924791c..a17cb3c  main -> main
05:45:39 - Alterações detectadas! Sincronizando...
[main 2957799] Auto-sync: 2026-08-28 05:45:39
 1 file changed, 5 insertions(+)
To github.com:operadorppi/AlphaZ.git
   a17cb3c..2957799  main -> main
05:46:10 - Alterações detectadas! Sincronizando...
[main 2cb8b52] Auto-sync: 2026-08-28 05:46:10
 1 file changed, 5 insertions(+)
To github.com:operadorppi/AlphaZ.git
   2957799..2cb8b52  main -> main
05:46:41 - Alterações detectadas! Sincronizando...
